Design Assistant report for cpu_core
Thu Apr 18 14:52:54 2019
Quartus II 64-Bit Version 13.1.4 Build 182 03/12/2014 SJ Web Edition


---------------------
; Table of Contents ;
---------------------
  1. Legal Notice
  2. Design Assistant Summary
  3. Design Assistant Settings
  4. High Violations
  5. Information only Violations
  6. Design Assistant Messages



----------------
; Legal Notice ;
----------------
Copyright (C) 1991-2014 Altera Corporation
Your use of Altera Corporation's design tools, logic functions 
and other software and tools, and its AMPP partner logic 
functions, and any output files from any of the foregoing 
(including device programming or simulation files), and any 
associated documentation or information are expressly subject 
to the terms and conditions of the Altera Program License 
Subscription Agreement, Altera MegaCore Function License 
Agreement, or other applicable license agreement, including, 
without limitation, that your use is for the sole purpose of 
programming logic devices manufactured by Altera and sold by 
Altera or its authorized distributors.  Please refer to the 
applicable agreement for further details.



+-------------------------------------------------------------------------+
; Design Assistant Summary                                                ;
+-----------------------------------+-------------------------------------+
; Design Assistant Status           ; Analyzed - Thu Apr 18 14:52:54 2019 ;
; Revision Name                     ; cpu_core                            ;
; Top-level Entity Name             ; cpu_core                            ;
; Family                            ; Cyclone III                         ;
; Total Critical Violations         ; 0                                   ;
; Total High Violations             ; 16                                  ;
; - Rule A108                       ; 16                                  ;
; Total Medium Violations           ; 0                                   ;
; Total Information only Violations ; 57                                  ;
; - Rule T101                       ; 7                                   ;
; - Rule T102                       ; 50                                  ;
+-----------------------------------+-------------------------------------+


+------------------------------------------------------------------------------------------------------------------------------------------------------------------------------------------+
; Design Assistant Settings                                                                                                                                                                ;
+----------------------------------------------------------------------------------------------------------------------------------------------------------------------+--------------+----+
; Option                                                                                                                                                               ; Setting      ; To ;
+----------------------------------------------------------------------------------------------------------------------------------------------------------------------+--------------+----+
; Design Assistant mode                                                                                                                                                ; Post-Fitting ;    ;
; Threshold value for clock net not mapped to clock spines rule                                                                                                        ; 25           ;    ;
; Minimum number of clock port feed by gated clocks                                                                                                                    ; 30           ;    ;
; Minimum number of node fan-out                                                                                                                                       ; 30           ;    ;
; Maximum number of nodes to report                                                                                                                                    ; 50           ;    ;
; Rule C101: Gated clock should be implemented according to the Altera standard scheme                                                                                 ; On           ;    ;
; Rule C102: Logic cell should not be used to generate an inverted clock signal                                                                                        ; On           ;    ;
; Rule C103: Gated clock does not feed at least a pre-defined number of clock ports to effectively save power                                                          ; On           ;    ;
; Rule C104: Clock signal source should drive only clock input ports                                                                                                   ; On           ;    ;
; Rule C105: Clock signal should be a global signal (Rule applies during post-fitting analysis. For more information, see the Help for the rule.)                      ; On           ;    ;
; Rule C106: Clock signal source should not drive registers triggered by different clock edges                                                                         ; On           ;    ;
; Rule R101: Combinational logic used as a reset signal should be synchronized                                                                                         ; On           ;    ;
; Rule R102: External reset signals should be synchronized using two cascaded registers                                                                                ; On           ;    ;
; Rule R103: External reset signal should be correctly synchronized                                                                                                    ; On           ;    ;
; Rule R104: The reset signal that is generated in one clock domain and used in another clock domain should be correctly synchronized                                  ; On           ;    ;
; Rule R105: The reset signal that is generated in one clock domain and used in another clock domain should be synchronized                                            ; On           ;    ;
; Rule T101: Nodes with more than the specified number of fan-outs                                                                                                     ; On           ;    ;
; Rule T102: Top nodes with the highest number of fan-outs                                                                                                             ; On           ;    ;
; Rule A101: Design should not contain combinational loops                                                                                                             ; On           ;    ;
; Rule A102: Register output should not drive its own control signal directly or through combinational logic                                                           ; On           ;    ;
; Rule A103: Design should not contain delay chains                                                                                                                    ; On           ;    ;
; Rule A104: Design should not contain ripple clock structures                                                                                                         ; On           ;    ;
; Rule A105: Pulses should not be implemented asynchronously                                                                                                           ; On           ;    ;
; Rule A106: Multiple pulses should not be generated in design                                                                                                         ; On           ;    ;
; Rule A107: Design should not contain SR latches                                                                                                                      ; On           ;    ;
; Rule A108: Design should not contain latches                                                                                                                         ; On           ;    ;
; Rule S101: Output enable and input of the same tri-state node should not be driven by same signal source                                                             ; On           ;    ;
; Rule S102: Synchronous port and asynchronous port of the same register should not be driven by the same signal source                                                ; On           ;    ;
; Rule S103: More than one asynchronous port of a register should not be driven by the same signal source                                                              ; On           ;    ;
; Rule S104: Clock port and any other port of a register should not be driven by the same signal source                                                                ; On           ;    ;
; Rule D101: Data bits are not synchronized when transferred between asynchronous clock domains                                                                        ; On           ;    ;
; Rule D102: Multiple data bits that are transferred across asynchronous clock domains are synchronized, but not all bits may be aligned in the receiving clock domain ; On           ;    ;
; Rule D103: Data bits are not correctly synchronized when transferred between asynchronous clock domains                                                              ; On           ;    ;
; Rule M101: Data bits are not synchronized when transferred to the state machine of asynchronous clock domains                                                        ; Off          ;    ;
; Rule M102: No reset signal defined to initialize the state machine                                                                                                   ; Off          ;    ;
; Rule M103: State machine should not contain an unreachable state                                                                                                     ; Off          ;    ;
; Rule M104: State machine should not contain a deadlock state                                                                                                         ; Off          ;    ;
; Rule M105: State machine should not contain a dead transition                                                                                                        ; Off          ;    ;
+----------------------------------------------------------------------------------------------------------------------------------------------------------------------+--------------+----+


+------------------------------------------------------------------------------------------------+
; High Violations                                                                                ;
+---------------------------------------------------------+--------------------------------------+
; Rule name                                               ; Name                                 ;
+---------------------------------------------------------+--------------------------------------+
; Rule A108: Design should not contain latches - Latch 1  ;                                      ;
;  Latch 1                                                ; data_bus:INST_data_bus|o_MEMORY[7]   ;
; Rule A108: Design should not contain latches - Latch 2  ;                                      ;
;  Latch 2                                                ; data_bus:INST_data_bus|o_REGISTER[6] ;
; Rule A108: Design should not contain latches - Latch 3  ;                                      ;
;  Latch 3                                                ; data_bus:INST_data_bus|o_REGISTER[0] ;
; Rule A108: Design should not contain latches - Latch 4  ;                                      ;
;  Latch 4                                                ; data_bus:INST_data_bus|o_REGISTER[1] ;
; Rule A108: Design should not contain latches - Latch 5  ;                                      ;
;  Latch 5                                                ; data_bus:INST_data_bus|o_MEMORY[1]   ;
; Rule A108: Design should not contain latches - Latch 6  ;                                      ;
;  Latch 6                                                ; data_bus:INST_data_bus|o_REGISTER[5] ;
; Rule A108: Design should not contain latches - Latch 7  ;                                      ;
;  Latch 7                                                ; data_bus:INST_data_bus|o_REGISTER[4] ;
; Rule A108: Design should not contain latches - Latch 8  ;                                      ;
;  Latch 8                                                ; data_bus:INST_data_bus|o_REGISTER[3] ;
; Rule A108: Design should not contain latches - Latch 9  ;                                      ;
;  Latch 9                                                ; data_bus:INST_data_bus|o_REGISTER[2] ;
; Rule A108: Design should not contain latches - Latch 10 ;                                      ;
;  Latch 10                                               ; data_bus:INST_data_bus|o_MEMORY[2]   ;
; Rule A108: Design should not contain latches - Latch 11 ;                                      ;
;  Latch 11                                               ; data_bus:INST_data_bus|o_MEMORY[3]   ;
; Rule A108: Design should not contain latches - Latch 12 ;                                      ;
;  Latch 12                                               ; data_bus:INST_data_bus|o_MEMORY[4]   ;
; Rule A108: Design should not contain latches - Latch 13 ;                                      ;
;  Latch 13                                               ; data_bus:INST_data_bus|o_MEMORY[5]   ;
; Rule A108: Design should not contain latches - Latch 14 ;                                      ;
;  Latch 14                                               ; data_bus:INST_data_bus|o_MEMORY[0]   ;
; Rule A108: Design should not contain latches - Latch 15 ;                                      ;
;  Latch 15                                               ; data_bus:INST_data_bus|o_MEMORY[6]   ;
; Rule A108: Design should not contain latches - Latch 16 ;                                      ;
;  Latch 16                                               ; data_bus:INST_data_bus|o_REGISTER[7] ;
+---------------------------------------------------------+--------------------------------------+


+---------------------------------------------------------------------------------------------------------------------------------------------------+
; Information only Violations                                                                                                                       ;
+------------------------------------------------------------------+----------------------------------------------------------------------+---------+
; Rule name                                                        ; Name                                                                 ; Fan-Out ;
+------------------------------------------------------------------+----------------------------------------------------------------------+---------+
; Rule T101: Nodes with more than the specified number of fan-outs ; control_unit:INST_control_unit|r_state[1]                            ; 51      ;
; Rule T101: Nodes with more than the specified number of fan-outs ; control_unit:INST_control_unit|r_state[4]                            ; 56      ;
; Rule T101: Nodes with more than the specified number of fan-outs ; i_CORE_CLK~inputclkctrl                                              ; 254     ;
; Rule T101: Nodes with more than the specified number of fan-outs ; instruction_decoder:INST_instruction_decoder|o_OPCODE[0]             ; 56      ;
; Rule T101: Nodes with more than the specified number of fan-outs ; instruction_decoder:INST_instruction_decoder|o_OPCODE[1]             ; 48      ;
; Rule T101: Nodes with more than the specified number of fan-outs ; B_imm_multiplexer:INST_B_imm_multiplexer|o_DATA[0]~0                 ; 33      ;
; Rule T101: Nodes with more than the specified number of fan-outs ; B_imm_multiplexer:INST_B_imm_multiplexer|o_DATA[1]~7                 ; 33      ;
; Rule T102: Top nodes with the highest number of fan-outs         ; i_CORE_CLK~inputclkctrl                                              ; 254     ;
; Rule T102: Top nodes with the highest number of fan-outs         ; instruction_decoder:INST_instruction_decoder|o_OPCODE[0]             ; 56      ;
; Rule T102: Top nodes with the highest number of fan-outs         ; control_unit:INST_control_unit|r_state[4]                            ; 56      ;
; Rule T102: Top nodes with the highest number of fan-outs         ; control_unit:INST_control_unit|r_state[1]                            ; 51      ;
; Rule T102: Top nodes with the highest number of fan-outs         ; instruction_decoder:INST_instruction_decoder|o_OPCODE[1]             ; 48      ;
; Rule T102: Top nodes with the highest number of fan-outs         ; B_imm_multiplexer:INST_B_imm_multiplexer|o_DATA[0]~0                 ; 33      ;
; Rule T102: Top nodes with the highest number of fan-outs         ; B_imm_multiplexer:INST_B_imm_multiplexer|o_DATA[1]~7                 ; 33      ;
; Rule T102: Top nodes with the highest number of fan-outs         ; B_imm_multiplexer:INST_B_imm_multiplexer|o_DATA[2]~6                 ; 27      ;
; Rule T102: Top nodes with the highest number of fan-outs         ; instruction_decoder:INST_instruction_decoder|o_IMM_enable            ; 22      ;
; Rule T102: Top nodes with the highest number of fan-outs         ; instruction_decoder:INST_instruction_decoder|o_OPCODE[2]             ; 20      ;
; Rule T102: Top nodes with the highest number of fan-outs         ; instruction_decoder:INST_instruction_decoder|o_OPCODE[3]             ; 20      ;
; Rule T102: Top nodes with the highest number of fan-outs         ; MEMORY_CONTROL:INST_MEMORY_CONTROL|o_MC_RAM_address[9]               ; 18      ;
; Rule T102: Top nodes with the highest number of fan-outs         ; MEMORY_CONTROL:INST_MEMORY_CONTROL|o_MC_RAM_address[12]              ; 18      ;
; Rule T102: Top nodes with the highest number of fan-outs         ; MEMORY_CONTROL:INST_MEMORY_CONTROL|Mux66~0                           ; 18      ;
; Rule T102: Top nodes with the highest number of fan-outs         ; MEMORY_CONTROL:INST_MEMORY_CONTROL|o_MC_RAM_address[2]               ; 18      ;
; Rule T102: Top nodes with the highest number of fan-outs         ; MEMORY_CONTROL:INST_MEMORY_CONTROL|o_MC_RAM_address[6]               ; 18      ;
; Rule T102: Top nodes with the highest number of fan-outs         ; MEMORY_CONTROL:INST_MEMORY_CONTROL|Mux69~0                           ; 18      ;
; Rule T102: Top nodes with the highest number of fan-outs         ; MEMORY_CONTROL:INST_MEMORY_CONTROL|o_MC_RAM_address[0]               ; 18      ;
; Rule T102: Top nodes with the highest number of fan-outs         ; MEMORY_CONTROL:INST_MEMORY_CONTROL|Mux67~0                           ; 18      ;
; Rule T102: Top nodes with the highest number of fan-outs         ; MEMORY_CONTROL:INST_MEMORY_CONTROL|Mux72~1                           ; 18      ;
; Rule T102: Top nodes with the highest number of fan-outs         ; MEMORY_CONTROL:INST_MEMORY_CONTROL|o_MC_RAM_address[11]              ; 18      ;
; Rule T102: Top nodes with the highest number of fan-outs         ; MEMORY_CONTROL:INST_MEMORY_CONTROL|o_MC_RAM_address[5]               ; 18      ;
; Rule T102: Top nodes with the highest number of fan-outs         ; MEMORY_CONTROL:INST_MEMORY_CONTROL|Mux73~0                           ; 18      ;
; Rule T102: Top nodes with the highest number of fan-outs         ; MEMORY_CONTROL:INST_MEMORY_CONTROL|o_MC_RAM_address[4]               ; 18      ;
; Rule T102: Top nodes with the highest number of fan-outs         ; MEMORY_CONTROL:INST_MEMORY_CONTROL|Mux74~0                           ; 18      ;
; Rule T102: Top nodes with the highest number of fan-outs         ; MEMORY_CONTROL:INST_MEMORY_CONTROL|Mux76~0                           ; 18      ;
; Rule T102: Top nodes with the highest number of fan-outs         ; MEMORY_CONTROL:INST_MEMORY_CONTROL|Mux75~0                           ; 18      ;
; Rule T102: Top nodes with the highest number of fan-outs         ; MEMORY_CONTROL:INST_MEMORY_CONTROL|o_MC_RAM_address[3]               ; 18      ;
; Rule T102: Top nodes with the highest number of fan-outs         ; MEMORY_CONTROL:INST_MEMORY_CONTROL|Mux68~0                           ; 18      ;
; Rule T102: Top nodes with the highest number of fan-outs         ; MEMORY_CONTROL:INST_MEMORY_CONTROL|o_MC_RAM_address[1]               ; 18      ;
; Rule T102: Top nodes with the highest number of fan-outs         ; MEMORY_CONTROL:INST_MEMORY_CONTROL|o_MC_RAM_address[8]               ; 18      ;
; Rule T102: Top nodes with the highest number of fan-outs         ; MEMORY_CONTROL:INST_MEMORY_CONTROL|Mux65~0                           ; 18      ;
; Rule T102: Top nodes with the highest number of fan-outs         ; MEMORY_CONTROL:INST_MEMORY_CONTROL|o_MC_RAM_address[10]              ; 18      ;
; Rule T102: Top nodes with the highest number of fan-outs         ; MEMORY_CONTROL:INST_MEMORY_CONTROL|Mux70~0                           ; 18      ;
; Rule T102: Top nodes with the highest number of fan-outs         ; MEMORY_CONTROL:INST_MEMORY_CONTROL|o_MC_RAM_address[7]               ; 18      ;
; Rule T102: Top nodes with the highest number of fan-outs         ; MEMORY_CONTROL:INST_MEMORY_CONTROL|Mux71~0                           ; 18      ;
; Rule T102: Top nodes with the highest number of fan-outs         ; MEMORY_CONTROL:INST_MEMORY_CONTROL|Mux77~0                           ; 18      ;
; Rule T102: Top nodes with the highest number of fan-outs         ; register32x8:INST_GPR|o_GPR_ALU_data_A[7]                            ; 17      ;
; Rule T102: Top nodes with the highest number of fan-outs         ; control_unit:INST_control_unit|r_state[3]                            ; 17      ;
; Rule T102: Top nodes with the highest number of fan-outs         ; control_unit:INST_control_unit|r_state[5]                            ; 16      ;
; Rule T102: Top nodes with the highest number of fan-outs         ; instruction_decoder:INST_instruction_decoder|o_BUS_select[0]~clkctrl ; 16      ;
; Rule T102: Top nodes with the highest number of fan-outs         ; r_register_enable                                                    ; 16      ;
; Rule T102: Top nodes with the highest number of fan-outs         ; register32x8:INST_GPR|o_GPR_ALU_data_A[2]                            ; 15      ;
; Rule T102: Top nodes with the highest number of fan-outs         ; register32x8:INST_GPR|o_GPR_ALU_data_A[1]                            ; 15      ;
; Rule T102: Top nodes with the highest number of fan-outs         ; register32x8:INST_GPR|o_GPR_ALU_data_A[3]                            ; 15      ;
; Rule T102: Top nodes with the highest number of fan-outs         ; register32x8:INST_GPR|o_GPR_ALU_data_A[0]                            ; 15      ;
; Rule T102: Top nodes with the highest number of fan-outs         ; register32x8:INST_GPR|o_GPR_ALU_data_A[4]                            ; 14      ;
; Rule T102: Top nodes with the highest number of fan-outs         ; MEMORY_CONTROL:INST_MEMORY_CONTROL|Mux72~0                           ; 14      ;
; Rule T102: Top nodes with the highest number of fan-outs         ; ~GND                                                                 ; 14      ;
; Rule T102: Top nodes with the highest number of fan-outs         ; register32x8:INST_GPR|o_GPR_ALU_data_A[5]                            ; 13      ;
+------------------------------------------------------------------+----------------------------------------------------------------------+---------+


+---------------------------+
; Design Assistant Messages ;
+---------------------------+
Info: *******************************************************************
Info: Running Quartus II 64-Bit Design Assistant
    Info: Version 13.1.4 Build 182 03/12/2014 SJ Web Edition
    Info: Processing started: Thu Apr 18 14:52:53 2019
Info: Command: quartus_drc --read_settings_files=off --write_settings_files=off cpu_core -c cpu_core
Warning (335093): TimeQuest Timing Analyzer is analyzing 16 combinational loops as latches.
Critical Warning (332012): Synopsys Design Constraints File file not found: 'cpu_core.sdc'. A Synopsys Design Constraints File is required by the TimeQuest Timing Analyzer to get proper timing constraints. Without it, the Compiler will not properly optimize the design.
Info (332144): No user constrained base clocks found in the design
Info (332143): No user constrained clock uncertainty found in the design. Calling "derive_clock_uncertainty"
Info (332123): Deriving Clock Uncertainty. Please refer to report_sdc in TimeQuest to see clock uncertainties.
Critical Warning (308055): (High) Rule A108: Design should not contain latches. Found 16 latch(es) related to this rule.
    Critical Warning (308012): Node  "data_bus:INST_data_bus|o_MEMORY[7]"
    Critical Warning (308012): Node  "data_bus:INST_data_bus|o_REGISTER[6]"
    Critical Warning (308012): Node  "data_bus:INST_data_bus|o_REGISTER[0]"
    Critical Warning (308012): Node  "data_bus:INST_data_bus|o_REGISTER[1]"
    Critical Warning (308012): Node  "data_bus:INST_data_bus|o_MEMORY[1]"
    Critical Warning (308012): Node  "data_bus:INST_data_bus|o_REGISTER[5]"
    Critical Warning (308012): Node  "data_bus:INST_data_bus|o_REGISTER[4]"
    Critical Warning (308012): Node  "data_bus:INST_data_bus|o_REGISTER[3]"
    Critical Warning (308012): Node  "data_bus:INST_data_bus|o_REGISTER[2]"
    Critical Warning (308012): Node  "data_bus:INST_data_bus|o_MEMORY[2]"
    Critical Warning (308012): Node  "data_bus:INST_data_bus|o_MEMORY[3]"
    Critical Warning (308012): Node  "data_bus:INST_data_bus|o_MEMORY[4]"
    Critical Warning (308012): Node  "data_bus:INST_data_bus|o_MEMORY[5]"
    Critical Warning (308012): Node  "data_bus:INST_data_bus|o_MEMORY[0]"
    Critical Warning (308012): Node  "data_bus:INST_data_bus|o_MEMORY[6]"
    Critical Warning (308012): Node  "data_bus:INST_data_bus|o_REGISTER[7]"
Info (308046): (Information) Rule T101: Nodes with more than the specified number of fan-outs. (Value defined:30). Found 7 node(s) with highest fan-out.
    Info (308011): Node  "control_unit:INST_control_unit|r_state[1]"
    Info (308011): Node  "control_unit:INST_control_unit|r_state[4]"
    Info (308011): Node  "i_CORE_CLK~inputclkctrl"
    Info (308011): Node  "instruction_decoder:INST_instruction_decoder|o_OPCODE[0]"
    Info (308011): Node  "instruction_decoder:INST_instruction_decoder|o_OPCODE[1]"
    Info (308011): Node  "B_imm_multiplexer:INST_B_imm_multiplexer|o_DATA[0]~0"
    Info (308011): Node  "B_imm_multiplexer:INST_B_imm_multiplexer|o_DATA[1]~7"
Info (308044): (Information) Rule T102: Top nodes with the highest number of fan-outs. (Value defined:50). Found 50 node(s) with highest fan-out.
    Info (308011): Node  "i_CORE_CLK~inputclkctrl"
    Info (308011): Node  "instruction_decoder:INST_instruction_decoder|o_OPCODE[0]"
    Info (308011): Node  "control_unit:INST_control_unit|r_state[4]"
    Info (308011): Node  "control_unit:INST_control_unit|r_state[1]"
    Info (308011): Node  "instruction_decoder:INST_instruction_decoder|o_OPCODE[1]"
    Info (308011): Node  "B_imm_multiplexer:INST_B_imm_multiplexer|o_DATA[0]~0"
    Info (308011): Node  "B_imm_multiplexer:INST_B_imm_multiplexer|o_DATA[1]~7"
    Info (308011): Node  "B_imm_multiplexer:INST_B_imm_multiplexer|o_DATA[2]~6"
    Info (308011): Node  "instruction_decoder:INST_instruction_decoder|o_IMM_enable"
    Info (308011): Node  "instruction_decoder:INST_instruction_decoder|o_OPCODE[2]"
    Info (308011): Node  "instruction_decoder:INST_instruction_decoder|o_OPCODE[3]"
    Info (308011): Node  "MEMORY_CONTROL:INST_MEMORY_CONTROL|o_MC_RAM_address[9]"
    Info (308011): Node  "MEMORY_CONTROL:INST_MEMORY_CONTROL|o_MC_RAM_address[12]"
    Info (308011): Node  "MEMORY_CONTROL:INST_MEMORY_CONTROL|Mux66~0"
    Info (308011): Node  "MEMORY_CONTROL:INST_MEMORY_CONTROL|o_MC_RAM_address[2]"
    Info (308011): Node  "MEMORY_CONTROL:INST_MEMORY_CONTROL|o_MC_RAM_address[6]"
    Info (308011): Node  "MEMORY_CONTROL:INST_MEMORY_CONTROL|Mux69~0"
    Info (308011): Node  "MEMORY_CONTROL:INST_MEMORY_CONTROL|o_MC_RAM_address[0]"
    Info (308011): Node  "MEMORY_CONTROL:INST_MEMORY_CONTROL|Mux67~0"
    Info (308011): Node  "MEMORY_CONTROL:INST_MEMORY_CONTROL|Mux72~1"
    Info (308011): Node  "MEMORY_CONTROL:INST_MEMORY_CONTROL|o_MC_RAM_address[11]"
    Info (308011): Node  "MEMORY_CONTROL:INST_MEMORY_CONTROL|o_MC_RAM_address[5]"
    Info (308011): Node  "MEMORY_CONTROL:INST_MEMORY_CONTROL|Mux73~0"
    Info (308011): Node  "MEMORY_CONTROL:INST_MEMORY_CONTROL|o_MC_RAM_address[4]"
    Info (308011): Node  "MEMORY_CONTROL:INST_MEMORY_CONTROL|Mux74~0"
    Info (308011): Node  "MEMORY_CONTROL:INST_MEMORY_CONTROL|Mux76~0"
    Info (308011): Node  "MEMORY_CONTROL:INST_MEMORY_CONTROL|Mux75~0"
    Info (308011): Node  "MEMORY_CONTROL:INST_MEMORY_CONTROL|o_MC_RAM_address[3]"
    Info (308011): Node  "MEMORY_CONTROL:INST_MEMORY_CONTROL|Mux68~0"
    Info (308011): Node  "MEMORY_CONTROL:INST_MEMORY_CONTROL|o_MC_RAM_address[1]"
    Info (308002): Truncated list of Design Assistant messages to 30 messages. Go to sections under Design Assistant section of Compilation Report for complete lists of Design Assistant messages generated.
Info (308007): Design Assistant information: finished post-fitting analysis of current design -- generated 57 information messages and 16 warning messages
Info: Quartus II 64-Bit Design Assistant was successful. 0 errors, 19 warnings
    Info: Peak virtual memory: 4568 megabytes
    Info: Processing ended: Thu Apr 18 14:52:54 2019
    Info: Elapsed time: 00:00:01
    Info: Total CPU time (on all processors): 00:00:00


