------------------------------------------------------------
TimeQuest Timing Analyzer Summary
------------------------------------------------------------

Type  : Slow 1200mV 85C Model Setup 'i_CORE_CLK'
Slack : -5.549
TNS   : -740.259

Type  : Slow 1200mV 85C Model Setup 'control_unit:INST_control_unit|r_state[3]'
Slack : -3.127
TNS   : -10.578

Type  : Slow 1200mV 85C Model Hold 'i_CORE_CLK'
Slack : 0.011
TNS   : 0.000

Type  : Slow 1200mV 85C Model Hold 'control_unit:INST_control_unit|r_state[3]'
Slack : 0.358
TNS   : 0.000

Type  : Slow 1200mV 85C Model Minimum Pulse Width 'i_CORE_CLK'
Slack : -3.000
TNS   : -574.792

Type  : Slow 1200mV 85C Model Minimum Pulse Width 'control_unit:INST_control_unit|r_state[3]'
Slack : -1.000
TNS   : -5.000

Type  : Slow 1200mV 0C Model Setup 'i_CORE_CLK'
Slack : -4.809
TNS   : -625.030

Type  : Slow 1200mV 0C Model Setup 'control_unit:INST_control_unit|r_state[3]'
Slack : -2.785
TNS   : -9.570

Type  : Slow 1200mV 0C Model Hold 'i_CORE_CLK'
Slack : -0.001
TNS   : -0.001

Type  : Slow 1200mV 0C Model Hold 'control_unit:INST_control_unit|r_state[3]'
Slack : 0.312
TNS   : 0.000

Type  : Slow 1200mV 0C Model Minimum Pulse Width 'i_CORE_CLK'
Slack : -3.000
TNS   : -574.792

Type  : Slow 1200mV 0C Model Minimum Pulse Width 'control_unit:INST_control_unit|r_state[3]'
Slack : -1.000
TNS   : -5.000

Type  : Fast 1200mV 0C Model Setup 'i_CORE_CLK'
Slack : -2.718
TNS   : -255.700

Type  : Fast 1200mV 0C Model Setup 'control_unit:INST_control_unit|r_state[3]'
Slack : -1.443
TNS   : -4.502

Type  : Fast 1200mV 0C Model Hold 'i_CORE_CLK'
Slack : -0.007
TNS   : -0.007

Type  : Fast 1200mV 0C Model Hold 'control_unit:INST_control_unit|r_state[3]'
Slack : 0.186
TNS   : 0.000

Type  : Fast 1200mV 0C Model Minimum Pulse Width 'i_CORE_CLK'
Slack : -3.000
TNS   : -480.071

Type  : Fast 1200mV 0C Model Minimum Pulse Width 'control_unit:INST_control_unit|r_state[3]'
Slack : -1.000
TNS   : -5.000

------------------------------------------------------------
