------------------------------------------------------------
TimeQuest Timing Analyzer Summary
------------------------------------------------------------

Type  : Slow 1200mV 85C Model Setup 'i_CORE_CLK'
Slack : -4.873
TNS   : -763.315

Type  : Slow 1200mV 85C Model Setup 'control_unit:INST_control_unit|r_state[3]'
Slack : -3.391
TNS   : -11.842

Type  : Slow 1200mV 85C Model Hold 'i_CORE_CLK'
Slack : 0.056
TNS   : 0.000

Type  : Slow 1200mV 85C Model Hold 'control_unit:INST_control_unit|r_state[3]'
Slack : 0.357
TNS   : 0.000

Type  : Slow 1200mV 85C Model Minimum Pulse Width 'i_CORE_CLK'
Slack : -3.000
TNS   : -565.792

Type  : Slow 1200mV 85C Model Minimum Pulse Width 'control_unit:INST_control_unit|r_state[3]'
Slack : -1.000
TNS   : -5.000

Type  : Slow 1200mV 0C Model Setup 'i_CORE_CLK'
Slack : -4.242
TNS   : -646.659

Type  : Slow 1200mV 0C Model Setup 'control_unit:INST_control_unit|r_state[3]'
Slack : -3.043
TNS   : -10.804

Type  : Slow 1200mV 0C Model Hold 'i_CORE_CLK'
Slack : 0.016
TNS   : 0.000

Type  : Slow 1200mV 0C Model Hold 'control_unit:INST_control_unit|r_state[3]'
Slack : 0.312
TNS   : 0.000

Type  : Slow 1200mV 0C Model Minimum Pulse Width 'i_CORE_CLK'
Slack : -3.000
TNS   : -565.792

Type  : Slow 1200mV 0C Model Minimum Pulse Width 'control_unit:INST_control_unit|r_state[3]'
Slack : -1.000
TNS   : -5.000

Type  : Fast 1200mV 0C Model Setup 'i_CORE_CLK'
Slack : -2.372
TNS   : -276.418

Type  : Fast 1200mV 0C Model Setup 'control_unit:INST_control_unit|r_state[3]'
Slack : -1.652
TNS   : -5.407

Type  : Fast 1200mV 0C Model Hold 'i_CORE_CLK'
Slack : 0.025
TNS   : 0.000

Type  : Fast 1200mV 0C Model Hold 'control_unit:INST_control_unit|r_state[3]'
Slack : 0.185
TNS   : 0.000

Type  : Fast 1200mV 0C Model Minimum Pulse Width 'i_CORE_CLK'
Slack : -3.000
TNS   : -471.046

Type  : Fast 1200mV 0C Model Minimum Pulse Width 'control_unit:INST_control_unit|r_state[3]'
Slack : -1.000
TNS   : -5.000

------------------------------------------------------------
