------------------------------------------------------------
TimeQuest Timing Analyzer Summary
------------------------------------------------------------

Type  : Slow 1200mV 85C Model Setup 'i_CLK'
Slack : 9.806
TNS   : 0.000

Type  : Slow 1200mV 85C Model Hold 'i_CLK'
Slack : 0.358
TNS   : 0.000

Type  : Slow 1200mV 85C Model Recovery 'i_CLK'
Slack : 16.589
TNS   : 0.000

Type  : Slow 1200mV 85C Model Removal 'i_CLK'
Slack : 1.240
TNS   : 0.000

Type  : Slow 1200mV 85C Model Minimum Pulse Width 'i_CLK'
Slack : 9.674
TNS   : 0.000

Type  : Slow 1200mV 0C Model Setup 'i_CLK'
Slack : 10.164
TNS   : 0.000

Type  : Slow 1200mV 0C Model Hold 'i_CLK'
Slack : 0.312
TNS   : 0.000

Type  : Slow 1200mV 0C Model Recovery 'i_CLK'
Slack : 16.986
TNS   : 0.000

Type  : Slow 1200mV 0C Model Removal 'i_CLK'
Slack : 1.135
TNS   : 0.000

Type  : Slow 1200mV 0C Model Minimum Pulse Width 'i_CLK'
Slack : 9.655
TNS   : 0.000

Type  : Fast 1200mV 0C Model Setup 'i_CLK'
Slack : 12.483
TNS   : 0.000

Type  : Fast 1200mV 0C Model Hold 'i_CLK'
Slack : 0.187
TNS   : 0.000

Type  : Fast 1200mV 0C Model Recovery 'i_CLK'
Slack : 17.939
TNS   : 0.000

Type  : Fast 1200mV 0C Model Removal 'i_CLK'
Slack : 0.673
TNS   : 0.000

Type  : Fast 1200mV 0C Model Minimum Pulse Width 'i_CLK'
Slack : 9.442
TNS   : 0.000

------------------------------------------------------------
