------------------------------------------------------------
TimeQuest Timing Analyzer Summary
------------------------------------------------------------

Type  : Slow 1200mV 85C Model Setup 'i_CLK'
Slack : 1.745
TNS   : 0.000

Type  : Slow 1200mV 85C Model Hold 'i_CLK'
Slack : 0.357
TNS   : 0.000

Type  : Slow 1200mV 85C Model Recovery 'i_CLK'
Slack : 16.349
TNS   : 0.000

Type  : Slow 1200mV 85C Model Removal 'i_CLK'
Slack : 1.304
TNS   : 0.000

Type  : Slow 1200mV 85C Model Minimum Pulse Width 'i_CLK'
Slack : 9.640
TNS   : 0.000

Type  : Slow 1200mV 0C Model Setup 'i_CLK'
Slack : 2.627
TNS   : 0.000

Type  : Slow 1200mV 0C Model Hold 'i_CLK'
Slack : 0.312
TNS   : 0.000

Type  : Slow 1200mV 0C Model Recovery 'i_CLK'
Slack : 16.737
TNS   : 0.000

Type  : Slow 1200mV 0C Model Removal 'i_CLK'
Slack : 1.181
TNS   : 0.000

Type  : Slow 1200mV 0C Model Minimum Pulse Width 'i_CLK'
Slack : 9.642
TNS   : 0.000

Type  : Fast 1200mV 0C Model Setup 'i_CLK'
Slack : 5.634
TNS   : 0.000

Type  : Fast 1200mV 0C Model Hold 'i_CLK'
Slack : 0.185
TNS   : 0.000

Type  : Fast 1200mV 0C Model Recovery 'i_CLK'
Slack : 17.718
TNS   : 0.000

Type  : Fast 1200mV 0C Model Removal 'i_CLK'
Slack : 0.716
TNS   : 0.000

Type  : Fast 1200mV 0C Model Minimum Pulse Width 'i_CLK'
Slack : 9.402
TNS   : 0.000

------------------------------------------------------------
