------------------------------------------------------------
TimeQuest Timing Analyzer Summary
------------------------------------------------------------

Type  : Slow 1200mV 85C Model Setup 'i_CLK'
Slack : 9.270
TNS   : 0.000

Type  : Slow 1200mV 85C Model Hold 'i_CLK'
Slack : 0.358
TNS   : 0.000

Type  : Slow 1200mV 85C Model Recovery 'i_CLK'
Slack : 16.157
TNS   : 0.000

Type  : Slow 1200mV 85C Model Removal 'i_CLK'
Slack : 1.055
TNS   : 0.000

Type  : Slow 1200mV 85C Model Minimum Pulse Width 'i_CLK'
Slack : 9.677
TNS   : 0.000

Type  : Slow 1200mV 0C Model Setup 'i_CLK'
Slack : 9.808
TNS   : 0.000

Type  : Slow 1200mV 0C Model Hold 'i_CLK'
Slack : 0.312
TNS   : 0.000

Type  : Slow 1200mV 0C Model Recovery 'i_CLK'
Slack : 16.513
TNS   : 0.000

Type  : Slow 1200mV 0C Model Removal 'i_CLK'
Slack : 0.960
TNS   : 0.000

Type  : Slow 1200mV 0C Model Minimum Pulse Width 'i_CLK'
Slack : 9.679
TNS   : 0.000

Type  : Fast 1200mV 0C Model Setup 'i_CLK'
Slack : 12.290
TNS   : 0.000

Type  : Fast 1200mV 0C Model Hold 'i_CLK'
Slack : 0.187
TNS   : 0.000

Type  : Fast 1200mV 0C Model Recovery 'i_CLK'
Slack : 17.591
TNS   : 0.000

Type  : Fast 1200mV 0C Model Removal 'i_CLK'
Slack : 0.570
TNS   : 0.000

Type  : Fast 1200mV 0C Model Minimum Pulse Width 'i_CLK'
Slack : 9.442
TNS   : 0.000

------------------------------------------------------------
